// Jest Snapshot v1, https://goo.gl/fbAQLP

exports[`<ButtonToolbar /> correct rendering renders without props 1`] = `
<div
  className="btn-toolbar"
  role="toolbar"
/>
`;
