// Jest Snapshot v1, https://goo.gl/fbAQLP

exports[`<Stack /> correct rendering renders without props 1`] = `
<div
  className="pgn__vstack"
>
  content
</div>
`;
