// Jest Snapshot v1, https://goo.gl/fbAQLP

exports[`<ProgressBar.Annotated /> correct rendering renders without props 1`] = `
<div
  className="pgn__progress-annotated"
>
  <div
    className="progress"
  >
    <div
      aria-valuemax={100}
      aria-valuemin={0}
      className="pgn__progress-bar--warning pgn__progress-tick--black progress-bar"
      role="progressbar"
      style={
        Object {
          "width": "NaN%",
        }
      }
    >
      <span
        className="sr-only"
      />
    </div>
  </div>
</div>
`;
