// Jest Snapshot v1, https://goo.gl/fbAQLP

exports[`correct rendering renders CardBody element 1`] = `
<div
  className="pgn__card-body"
>
  Text
</div>
`;
