// Jest Snapshot v1, https://goo.gl/fbAQLP

exports[`correct rendering renders a context element 1`] = `"Text"`;
