// Jest Snapshot v1, https://goo.gl/fbAQLP

exports[`<CardDeck /> has tabIndex="-1" when \`hasInteractiveChildren\` is true 1`] = `
<div
  className="pgn__card-deck pgn__card-deck-has-horizontal-scroll"
>
  <div
    className="pgn__card-deck-row row"
    tabIndex={-1}
  >
    <div
      className="pgn__card-deck__card-item col-xl-4 col-lg-6 col-sm-12"
    >
      <div
        className="pgn__card clickable pgn__card-light card"
        tabIndex={0}
      >
        <div
          className="pgn__card-wrapper-image-cap vertical"
        >
          <img
            className="pgn__card-image-cap"
            onError={[Function]}
            onLoad={[Function]}
            src="http://fake.image"
          />
        </div>
        <div
          className="pgn__card-body"
        >
          <div
            className="pgn__card-header"
          >
            <div
              className="pgn__card-header-content"
            />
          </div>
          <div
            className="pgn__card-section"
          >
            This is a wider card with supporting text below as a natural lead-in to additional content. This card has even longer content than the first to show that equal height action.
          </div>
        </div>
        <div
          className="pgn__card-footer vertical"
        >
          <div
            className="pgn__card-footer-text vertical"
          >
            <small
              className="text-muted"
            >
              Last updated 3 mins ago
            </small>
          </div>
        </div>
      </div>
    </div>
    <div
      className="pgn__card-deck__card-item col-xl-4 col-lg-6 col-sm-12"
    >
      <div
        className="pgn__card clickable pgn__card-light card"
        tabIndex={0}
      >
        <div
          className="pgn__card-wrapper-image-cap vertical"
        >
          <img
            className="pgn__card-image-cap"
            onError={[Function]}
            onLoad={[Function]}
            src="http://fake.image"
          />
        </div>
        <div
          className="pgn__card-body"
        >
          <div
            className="pgn__card-header"
          >
            <div
              className="pgn__card-header-content"
            />
          </div>
          <div
            className="pgn__card-section"
          >
            This is a wider card with supporting text below as a natural lead-in to additional content. This card has even longer content than the first to show that equal height action.
          </div>
        </div>
        <div
          className="pgn__card-footer vertical"
        >
          <div
            className="pgn__card-footer-text vertical"
          >
            <small
              className="text-muted"
            >
              Last updated 3 mins ago
            </small>
          </div>
        </div>
      </div>
    </div>
    <div
      className="pgn__card-deck__card-item col-xl-4 col-lg-6 col-sm-12"
    >
      <div
        className="pgn__card clickable pgn__card-light card"
        tabIndex={0}
      >
        <div
          className="pgn__card-wrapper-image-cap vertical"
        >
          <img
            className="pgn__card-image-cap"
            onError={[Function]}
            onLoad={[Function]}
            src="http://fake.image"
          />
        </div>
        <div
          className="pgn__card-body"
        >
          <div
            className="pgn__card-header"
          >
            <div
              className="pgn__card-header-content"
            />
          </div>
          <div
            className="pgn__card-section"
          >
            This is a wider card with supporting text below as a natural lead-in to additional content. This card has even longer content than the first to show that equal height action.
          </div>
        </div>
        <div
          className="pgn__card-footer vertical"
        >
          <div
            className="pgn__card-footer-text vertical"
          >
            <small
              className="text-muted"
            >
              Last updated 3 mins ago
            </small>
          </div>
        </div>
      </div>
    </div>
    <div
      className="pgn__card-deck__card-item col-xl-4 col-lg-6 col-sm-12"
    >
      <div
        className="pgn__card clickable pgn__card-light card"
        tabIndex={0}
      >
        <div
          className="pgn__card-wrapper-image-cap vertical"
        >
          <img
            className="pgn__card-image-cap"
            onError={[Function]}
            onLoad={[Function]}
            src="http://fake.image"
          />
        </div>
        <div
          className="pgn__card-body"
        >
          <div
            className="pgn__card-header"
          >
            <div
              className="pgn__card-header-content"
            />
          </div>
          <div
            className="pgn__card-section"
          >
            This is a wider card with supporting text below as a natural lead-in to additional content. This card has even longer content than the first to show that equal height action.
          </div>
        </div>
        <div
          className="pgn__card-footer vertical"
        >
          <div
            className="pgn__card-footer-text vertical"
          >
            <small
              className="text-muted"
            >
              Last updated 3 mins ago
            </small>
          </div>
        </div>
      </div>
    </div>
    <div
      className="pgn__card-deck__card-item col-xl-4 col-lg-6 col-sm-12"
    >
      <div
        className="pgn__card clickable pgn__card-light card"
        tabIndex={0}
      >
        <div
          className="pgn__card-wrapper-image-cap vertical"
        >
          <img
            className="pgn__card-image-cap"
            onError={[Function]}
            onLoad={[Function]}
            src="http://fake.image"
          />
        </div>
        <div
          className="pgn__card-body"
        >
          <div
            className="pgn__card-header"
          >
            <div
              className="pgn__card-header-content"
            />
          </div>
          <div
            className="pgn__card-section"
          >
            This is a wider card with supporting text below as a natural lead-in to additional content. This card has even longer content than the first to show that equal height action.
          </div>
        </div>
        <div
          className="pgn__card-footer vertical"
        >
          <div
            className="pgn__card-footer-text vertical"
          >
            <small
              className="text-muted"
            >
              Last updated 3 mins ago
            </small>
          </div>
        </div>
      </div>
    </div>
  </div>
</div>
`;

exports[`<CardDeck /> renders default columnSizes 1`] = `
<div
  className="pgn__card-deck pgn__card-deck-has-horizontal-scroll"
>
  <div
    className="pgn__card-deck-row row"
    tabIndex={0}
  >
    <div
      className="pgn__card-deck__card-item col-xl-4 col-lg-6 col-sm-12"
    >
      <div
        className="pgn__card pgn__card-light card"
        tabIndex={-1}
      >
        <div
          className="pgn__card-wrapper-image-cap vertical"
        >
          <img
            className="pgn__card-image-cap"
            onError={[Function]}
            onLoad={[Function]}
            src="http://fake.image"
          />
        </div>
        <div
          className="pgn__card-body"
        >
          <div
            className="pgn__card-header"
          >
            <div
              className="pgn__card-header-content"
            />
          </div>
          <div
            className="pgn__card-section"
          >
            This is a wider card with supporting text below as a natural lead-in to additional content. This card has even longer content than the first to show that equal height action.
          </div>
        </div>
        <div
          className="pgn__card-footer vertical"
        >
          <div
            className="pgn__card-footer-text vertical"
          >
            <small
              className="text-muted"
            >
              Last updated 3 mins ago
            </small>
          </div>
        </div>
      </div>
    </div>
    <div
      className="pgn__card-deck__card-item col-xl-4 col-lg-6 col-sm-12"
    >
      <div
        className="pgn__card pgn__card-light card"
        tabIndex={-1}
      >
        <div
          className="pgn__card-wrapper-image-cap vertical"
        >
          <img
            className="pgn__card-image-cap"
            onError={[Function]}
            onLoad={[Function]}
            src="http://fake.image"
          />
        </div>
        <div
          className="pgn__card-body"
        >
          <div
            className="pgn__card-header"
          >
            <div
              className="pgn__card-header-content"
            />
          </div>
          <div
            className="pgn__card-section"
          >
            This is a wider card with supporting text below as a natural lead-in to additional content. This card has even longer content than the first to show that equal height action.
          </div>
        </div>
        <div
          className="pgn__card-footer vertical"
        >
          <div
            className="pgn__card-footer-text vertical"
          >
            <small
              className="text-muted"
            >
              Last updated 3 mins ago
            </small>
          </div>
        </div>
      </div>
    </div>
    <div
      className="pgn__card-deck__card-item col-xl-4 col-lg-6 col-sm-12"
    >
      <div
        className="pgn__card pgn__card-light card"
        tabIndex={-1}
      >
        <div
          className="pgn__card-wrapper-image-cap vertical"
        >
          <img
            className="pgn__card-image-cap"
            onError={[Function]}
            onLoad={[Function]}
            src="http://fake.image"
          />
        </div>
        <div
          className="pgn__card-body"
        >
          <div
            className="pgn__card-header"
          >
            <div
              className="pgn__card-header-content"
            />
          </div>
          <div
            className="pgn__card-section"
          >
            This is a wider card with supporting text below as a natural lead-in to additional content. This card has even longer content than the first to show that equal height action.
          </div>
        </div>
        <div
          className="pgn__card-footer vertical"
        >
          <div
            className="pgn__card-footer-text vertical"
          >
            <small
              className="text-muted"
            >
              Last updated 3 mins ago
            </small>
          </div>
        </div>
      </div>
    </div>
    <div
      className="pgn__card-deck__card-item col-xl-4 col-lg-6 col-sm-12"
    >
      <div
        className="pgn__card pgn__card-light card"
        tabIndex={-1}
      >
        <div
          className="pgn__card-wrapper-image-cap vertical"
        >
          <img
            className="pgn__card-image-cap"
            onError={[Function]}
            onLoad={[Function]}
            src="http://fake.image"
          />
        </div>
        <div
          className="pgn__card-body"
        >
          <div
            className="pgn__card-header"
          >
            <div
              className="pgn__card-header-content"
            />
          </div>
          <div
            className="pgn__card-section"
          >
            This is a wider card with supporting text below as a natural lead-in to additional content. This card has even longer content than the first to show that equal height action.
          </div>
        </div>
        <div
          className="pgn__card-footer vertical"
        >
          <div
            className="pgn__card-footer-text vertical"
          >
            <small
              className="text-muted"
            >
              Last updated 3 mins ago
            </small>
          </div>
        </div>
      </div>
    </div>
    <div
      className="pgn__card-deck__card-item col-xl-4 col-lg-6 col-sm-12"
    >
      <div
        className="pgn__card pgn__card-light card"
        tabIndex={-1}
      >
        <div
          className="pgn__card-wrapper-image-cap vertical"
        >
          <img
            className="pgn__card-image-cap"
            onError={[Function]}
            onLoad={[Function]}
            src="http://fake.image"
          />
        </div>
        <div
          className="pgn__card-body"
        >
          <div
            className="pgn__card-header"
          >
            <div
              className="pgn__card-header-content"
            />
          </div>
          <div
            className="pgn__card-section"
          >
            This is a wider card with supporting text below as a natural lead-in to additional content. This card has even longer content than the first to show that equal height action.
          </div>
        </div>
        <div
          className="pgn__card-footer vertical"
        >
          <div
            className="pgn__card-footer-text vertical"
          >
            <small
              className="text-muted"
            >
              Last updated 3 mins ago
            </small>
          </div>
        </div>
      </div>
    </div>
  </div>
</div>
`;

exports[`<CardDeck /> renders with controlled columnSizes 1`] = `
<div
  className="pgn__card-deck pgn__card-deck-has-horizontal-scroll"
>
  <div
    className="pgn__card-deck-row row"
    tabIndex={0}
  >
    <div
      className="pgn__card-deck__card-item col-xl-3 col-lg-4 col-md-6 col-12"
    >
      <div
        className="pgn__card pgn__card-light card"
        tabIndex={-1}
      >
        <div
          className="pgn__card-wrapper-image-cap vertical"
        >
          <img
            className="pgn__card-image-cap"
            onError={[Function]}
            onLoad={[Function]}
            src="http://fake.image"
          />
        </div>
        <div
          className="pgn__card-body"
        >
          <div
            className="pgn__card-header"
          >
            <div
              className="pgn__card-header-content"
            />
          </div>
          <div
            className="pgn__card-section"
          >
            This is a wider card with supporting text below as a natural lead-in to additional content. This card has even longer content than the first to show that equal height action.
          </div>
        </div>
        <div
          className="pgn__card-footer vertical"
        >
          <div
            className="pgn__card-footer-text vertical"
          >
            <small
              className="text-muted"
            >
              Last updated 3 mins ago
            </small>
          </div>
        </div>
      </div>
    </div>
    <div
      className="pgn__card-deck__card-item col-xl-3 col-lg-4 col-md-6 col-12"
    >
      <div
        className="pgn__card pgn__card-light card"
        tabIndex={-1}
      >
        <div
          className="pgn__card-wrapper-image-cap vertical"
        >
          <img
            className="pgn__card-image-cap"
            onError={[Function]}
            onLoad={[Function]}
            src="http://fake.image"
          />
        </div>
        <div
          className="pgn__card-body"
        >
          <div
            className="pgn__card-header"
          >
            <div
              className="pgn__card-header-content"
            />
          </div>
          <div
            className="pgn__card-section"
          >
            This is a wider card with supporting text below as a natural lead-in to additional content. This card has even longer content than the first to show that equal height action.
          </div>
        </div>
        <div
          className="pgn__card-footer vertical"
        >
          <div
            className="pgn__card-footer-text vertical"
          >
            <small
              className="text-muted"
            >
              Last updated 3 mins ago
            </small>
          </div>
        </div>
      </div>
    </div>
    <div
      className="pgn__card-deck__card-item col-xl-3 col-lg-4 col-md-6 col-12"
    >
      <div
        className="pgn__card pgn__card-light card"
        tabIndex={-1}
      >
        <div
          className="pgn__card-wrapper-image-cap vertical"
        >
          <img
            className="pgn__card-image-cap"
            onError={[Function]}
            onLoad={[Function]}
            src="http://fake.image"
          />
        </div>
        <div
          className="pgn__card-body"
        >
          <div
            className="pgn__card-header"
          >
            <div
              className="pgn__card-header-content"
            />
          </div>
          <div
            className="pgn__card-section"
          >
            This is a wider card with supporting text below as a natural lead-in to additional content. This card has even longer content than the first to show that equal height action.
          </div>
        </div>
        <div
          className="pgn__card-footer vertical"
        >
          <div
            className="pgn__card-footer-text vertical"
          >
            <small
              className="text-muted"
            >
              Last updated 3 mins ago
            </small>
          </div>
        </div>
      </div>
    </div>
    <div
      className="pgn__card-deck__card-item col-xl-3 col-lg-4 col-md-6 col-12"
    >
      <div
        className="pgn__card pgn__card-light card"
        tabIndex={-1}
      >
        <div
          className="pgn__card-wrapper-image-cap vertical"
        >
          <img
            className="pgn__card-image-cap"
            onError={[Function]}
            onLoad={[Function]}
            src="http://fake.image"
          />
        </div>
        <div
          className="pgn__card-body"
        >
          <div
            className="pgn__card-header"
          >
            <div
              className="pgn__card-header-content"
            />
          </div>
          <div
            className="pgn__card-section"
          >
            This is a wider card with supporting text below as a natural lead-in to additional content. This card has even longer content than the first to show that equal height action.
          </div>
        </div>
        <div
          className="pgn__card-footer vertical"
        >
          <div
            className="pgn__card-footer-text vertical"
          >
            <small
              className="text-muted"
            >
              Last updated 3 mins ago
            </small>
          </div>
        </div>
      </div>
    </div>
    <div
      className="pgn__card-deck__card-item col-xl-3 col-lg-4 col-md-6 col-12"
    >
      <div
        className="pgn__card pgn__card-light card"
        tabIndex={-1}
      >
        <div
          className="pgn__card-wrapper-image-cap vertical"
        >
          <img
            className="pgn__card-image-cap"
            onError={[Function]}
            onLoad={[Function]}
            src="http://fake.image"
          />
        </div>
        <div
          className="pgn__card-body"
        >
          <div
            className="pgn__card-header"
          >
            <div
              className="pgn__card-header-content"
            />
          </div>
          <div
            className="pgn__card-section"
          >
            This is a wider card with supporting text below as a natural lead-in to additional content. This card has even longer content than the first to show that equal height action.
          </div>
        </div>
        <div
          className="pgn__card-footer vertical"
        >
          <div
            className="pgn__card-footer-text vertical"
          >
            <small
              className="text-muted"
            >
              Last updated 3 mins ago
            </small>
          </div>
        </div>
      </div>
    </div>
  </div>
</div>
`;

exports[`<CardDeck /> renders with disabled equal height 1`] = `
<div
  className="pgn__card-deck pgn__card-deck-has-horizontal-scroll"
>
  <div
    className="pgn__card-deck-row row"
    tabIndex={0}
  >
    <div
      className="pgn__card-deck__card-item pgn__card__disable-equal-column-heights col-xl-4 col-lg-6 col-sm-12"
    >
      <div
        className="pgn__card pgn__card-light card"
        tabIndex={-1}
      >
        <div
          className="pgn__card-wrapper-image-cap vertical"
        >
          <img
            className="pgn__card-image-cap"
            onError={[Function]}
            onLoad={[Function]}
            src="http://fake.image"
          />
        </div>
        <div
          className="pgn__card-body"
        >
          <div
            className="pgn__card-header"
          >
            <div
              className="pgn__card-header-content"
            />
          </div>
          <div
            className="pgn__card-section"
          >
            This is a wider card with supporting text below as a natural lead-in to additional content. This card has even longer content than the first to show that equal height action.
          </div>
        </div>
        <div
          className="pgn__card-footer vertical"
        >
          <div
            className="pgn__card-footer-text vertical"
          >
            <small
              className="text-muted"
            >
              Last updated 3 mins ago
            </small>
          </div>
        </div>
      </div>
    </div>
    <div
      className="pgn__card-deck__card-item pgn__card__disable-equal-column-heights col-xl-4 col-lg-6 col-sm-12"
    >
      <div
        className="pgn__card pgn__card-light card"
        tabIndex={-1}
      >
        <div
          className="pgn__card-wrapper-image-cap vertical"
        >
          <img
            className="pgn__card-image-cap"
            onError={[Function]}
            onLoad={[Function]}
            src="http://fake.image"
          />
        </div>
        <div
          className="pgn__card-body"
        >
          <div
            className="pgn__card-header"
          >
            <div
              className="pgn__card-header-content"
            />
          </div>
          <div
            className="pgn__card-section"
          >
            This is a wider card with supporting text below as a natural lead-in to additional content. This card has even longer content than the first to show that equal height action.
          </div>
        </div>
        <div
          className="pgn__card-footer vertical"
        >
          <div
            className="pgn__card-footer-text vertical"
          >
            <small
              className="text-muted"
            >
              Last updated 3 mins ago
            </small>
          </div>
        </div>
      </div>
    </div>
    <div
      className="pgn__card-deck__card-item pgn__card__disable-equal-column-heights col-xl-4 col-lg-6 col-sm-12"
    >
      <div
        className="pgn__card pgn__card-light card"
        tabIndex={-1}
      >
        <div
          className="pgn__card-wrapper-image-cap vertical"
        >
          <img
            className="pgn__card-image-cap"
            onError={[Function]}
            onLoad={[Function]}
            src="http://fake.image"
          />
        </div>
        <div
          className="pgn__card-body"
        >
          <div
            className="pgn__card-header"
          >
            <div
              className="pgn__card-header-content"
            />
          </div>
          <div
            className="pgn__card-section"
          >
            This is a wider card with supporting text below as a natural lead-in to additional content. This card has even longer content than the first to show that equal height action.
          </div>
        </div>
        <div
          className="pgn__card-footer vertical"
        >
          <div
            className="pgn__card-footer-text vertical"
          >
            <small
              className="text-muted"
            >
              Last updated 3 mins ago
            </small>
          </div>
        </div>
      </div>
    </div>
    <div
      className="pgn__card-deck__card-item pgn__card__disable-equal-column-heights col-xl-4 col-lg-6 col-sm-12"
    >
      <div
        className="pgn__card pgn__card-light card"
        tabIndex={-1}
      >
        <div
          className="pgn__card-wrapper-image-cap vertical"
        >
          <img
            className="pgn__card-image-cap"
            onError={[Function]}
            onLoad={[Function]}
            src="http://fake.image"
          />
        </div>
        <div
          className="pgn__card-body"
        >
          <div
            className="pgn__card-header"
          >
            <div
              className="pgn__card-header-content"
            />
          </div>
          <div
            className="pgn__card-section"
          >
            This is a wider card with supporting text below as a natural lead-in to additional content. This card has even longer content than the first to show that equal height action.
          </div>
        </div>
        <div
          className="pgn__card-footer vertical"
        >
          <div
            className="pgn__card-footer-text vertical"
          >
            <small
              className="text-muted"
            >
              Last updated 3 mins ago
            </small>
          </div>
        </div>
      </div>
    </div>
    <div
      className="pgn__card-deck__card-item pgn__card__disable-equal-column-heights col-xl-4 col-lg-6 col-sm-12"
    >
      <div
        className="pgn__card pgn__card-light card"
        tabIndex={-1}
      >
        <div
          className="pgn__card-wrapper-image-cap vertical"
        >
          <img
            className="pgn__card-image-cap"
            onError={[Function]}
            onLoad={[Function]}
            src="http://fake.image"
          />
        </div>
        <div
          className="pgn__card-body"
        >
          <div
            className="pgn__card-header"
          >
            <div
              className="pgn__card-header-content"
            />
          </div>
          <div
            className="pgn__card-section"
          >
            This is a wider card with supporting text below as a natural lead-in to additional content. This card has even longer content than the first to show that equal height action.
          </div>
        </div>
        <div
          className="pgn__card-footer vertical"
        >
          <div
            className="pgn__card-footer-text vertical"
          >
            <small
              className="text-muted"
            >
              Last updated 3 mins ago
            </small>
          </div>
        </div>
      </div>
    </div>
  </div>
</div>
`;
