// Jest Snapshot v1, https://goo.gl/fbAQLP

exports[`Annotation renders in all variants 1`] = `
Array [
  <span
    className="pgn__annotation pgn__annotation-error-top"
  >
    Annotation text
  </span>,
  <span
    className="pgn__annotation pgn__annotation-error-right"
  >
    Annotation text
  </span>,
  <span
    className="pgn__annotation pgn__annotation-error-bottom"
  >
    Annotation text
  </span>,
  <span
    className="pgn__annotation pgn__annotation-error-left"
  >
    Annotation text
  </span>,
  <span
    className="pgn__annotation pgn__annotation-success-top"
  >
    Annotation text
  </span>,
  <span
    className="pgn__annotation pgn__annotation-success-right"
  >
    Annotation text
  </span>,
  <span
    className="pgn__annotation pgn__annotation-success-bottom"
  >
    Annotation text
  </span>,
  <span
    className="pgn__annotation pgn__annotation-success-left"
  >
    Annotation text
  </span>,
  <span
    className="pgn__annotation pgn__annotation-warning-top"
  >
    Annotation text
  </span>,
  <span
    className="pgn__annotation pgn__annotation-warning-right"
  >
    Annotation text
  </span>,
  <span
    className="pgn__annotation pgn__annotation-warning-bottom"
  >
    Annotation text
  </span>,
  <span
    className="pgn__annotation pgn__annotation-warning-left"
  >
    Annotation text
  </span>,
  <span
    className="pgn__annotation pgn__annotation-light-top"
  >
    Annotation text
  </span>,
  <span
    className="pgn__annotation pgn__annotation-light-right"
  >
    Annotation text
  </span>,
  <span
    className="pgn__annotation pgn__annotation-light-bottom"
  >
    Annotation text
  </span>,
  <span
    className="pgn__annotation pgn__annotation-light-left"
  >
    Annotation text
  </span>,
  <span
    className="pgn__annotation pgn__annotation-dark-top"
  >
    Annotation text
  </span>,
  <span
    className="pgn__annotation pgn__annotation-dark-right"
  >
    Annotation text
  </span>,
  <span
    className="pgn__annotation pgn__annotation-dark-bottom"
  >
    Annotation text
  </span>,
  <span
    className="pgn__annotation pgn__annotation-dark-left"
  >
    Annotation text
  </span>,
]
`;
