// Jest Snapshot v1, https://goo.gl/fbAQLP

exports[`<IconButton /> renders with required props 1`] = `
<button
  aria-label="alternative"
  className="btn-icon btn-icon-primary btn-icon-md"
  onClick={[Function]}
  type="button"
>
  <span
    className="btn-icon__icon-container"
  >
    <svg
      aria-hidden="true"
      className="svg-inline--fa fa-InfoOutlineIcon btn-icon__icon"
      data-icon="InfoOutlineIcon"
      data-prefix="pgn"
      focusable="false"
      role="img"
      src={null}
      style={Object {}}
      viewBox="0 0 function SvgInfoOutline(props) {
  return /*#__PURE__*/React.createElement(\\"svg\\", _extends({
    width: 24,
    height: 24,
    viewBox: \\"0 0 24 24\\",
    fill: \\"none\\",
    xmlns: \\"http://www.w3.org/2000/svg\\"
  }, props), /*#__PURE__*/React.createElement(\\"path\\", {
    d: \\"M11 7h2v2h-2V7zm0 4h2v6h-2v-6zm1-9C6.48 2 2 6.48 2 12s4.48 10 10 10 10-4.48 10-10S17.52 2 12 2zm0 18c-4.41 0-8-3.59-8-8s3.59-8 8-8 8 3.59 8 8-3.59 8-8 8z\\",
    fill: \\"currentColor\\"
  }));
} undefined"
      xmlns="http://www.w3.org/2000/svg"
    >
      <path
        fill="currentColor"
        style={Object {}}
      />
    </svg>
  </span>
</button>
`;
