// Jest Snapshot v1, https://goo.gl/fbAQLP

exports[`renders correctly successfully renders 1`] = `
<span
  className="d-flex"
>
  <button
    className="pgn__color-picker pgn__color-picker-md btn btn-primary"
    disabled={false}
    onBlur={[Function]}
    onClick={[Function]}
    onFocus={[Function]}
    onMouseOut={[Function]}
    onMouseOver={[Function]}
    style={Object {}}
    type="button"
  />
</span>
`;
