// Jest Snapshot v1, https://goo.gl/fbAQLP

exports[`<Tabs /> correct rendering renders successfully 1`] = `
<div>
  <nav
    className="pgn__tabs nav nav-tabs"
    onKeyDown={[Function]}
    role="tablist"
  >
    <a
      aria-selected={true}
      className="nav-item nav-link active"
      data-rb-event-key="tab_1"
      href="#"
      onClick={[Function]}
      onKeyDown={[Function]}
      role="tab"
    >
      Tab 1
      <div
        className="pgn__bubble pgn__bubble-error pgn__tab-notification expandable"
        role="status"
      >
        4
      </div>
    </a>
    <a
      className="pgn__tab_more nav-item nav-link"
      data-rb-event-key={null}
      href="#"
      onClick={[Function]}
      onKeyDown={[Function]}
      role="tab"
    >
      <div
        className="pgn__dropdown pgn__dropdown-light dropdown"
        data-testid="dropdown"
      >
        <button
          aria-expanded={false}
          aria-haspopup={true}
          className="nav-link dropdown-toggle btn btn-link"
          disabled={false}
          id="pgn__tab-toggle"
          onClick={[Function]}
          type="button"
        >
          More...
        </button>
      </div>
    </a>
    <a
      aria-selected={false}
      className="pgn__tab_invisible nav-item nav-link"
      data-rb-event-key="tab_2"
      href="#"
      onClick={[Function]}
      onKeyDown={[Function]}
      role="tab"
    >
      Tab 2
    </a>
    <a
      aria-selected={false}
      className="pgn__tab_invisible nav-item nav-link"
      data-rb-event-key="tab_3"
      href="#"
      onClick={[Function]}
      onKeyDown={[Function]}
      role="tab"
    >
      Tab 3
    </a>
  </nav>
  <div
    className="tab-content"
  >
    <div
      aria-hidden={false}
      aria-labelledby={null}
      className="fade tab-pane active show"
      id={null}
      notification={4}
      role="tabpanel"
    />
    <div
      aria-hidden={true}
      aria-labelledby={null}
      className="fade tab-pane"
      id={null}
      role="tabpanel"
    />
    <div
      aria-hidden={true}
      aria-labelledby={null}
      className="fade tab-pane"
      id={null}
      role="tabpanel"
    />
    <div
      aria-hidden={true}
      aria-labelledby={null}
      className="fade tab-pane"
      id={null}
      role="tabpanel"
    />
  </div>
</div>
`;
