// Jest Snapshot v1, https://goo.gl/fbAQLP

exports[`<Sticky /> correct rendering renders without props 1`] = `
<div
  className="pgn__sticky pgn__sticky-top"
>
  Sticky
</div>
`;
