// Jest Snapshot v1, https://goo.gl/fbAQLP

exports[`<Bubble /> correct rendering successfully renders 1`] = `
<div
  className="pgn__bubble pgn__bubble-primary"
>
  1
</div>
`;
